error: The determined sql query type java.lang.Integer cannot be assigned to the expected type java.lang.String
1 error