error: The meta repository option needs to be set when SQL queries should be processed
1 error