error: Provided 2 insert columns but expected 3
1 error