error: Provided 3 insert columns but expected 2
1 error