error: No value provided for column -name-. This column does not accept null values.
1 error