error: Cannot not find corresponding getter method for ID column -id- of table -product-.
1 error