error: The table anything does not exist in the provided DB schema information
1 error