error: The mapping did not include id-projection assignments for the sub-objects: root
1 error