error: The mapping contains no-preference pairs. Cannot assign projections to attributes.
1 error