error: Cannot find a corresponding getter method for the required UPDATE column id
1 error