error: The parameter sb does not have JDBC-compatible type: java.lang.StringBuilder.
  Do not know how to pass it to the SQL query.
1 error