error: Cannot find a corresponding getter method for the required INSERT column city
1 error